This is pdfTeX, Version 3.141592653-2.6-1.40.26 (TeX Live 2024/Arch Linux) (preloaded format=pdflatex 2025.2.9)  12 FEB 2025 14:14
entering extended mode
 restricted \write18 enabled.
 %&-line parsing enabled.
**resume_2025.tex
(/usr/share/texmf-dist/tex/latex/tools/q.tex
LaTeX2e <2023-11-01> patch level 1
L3 programming layer <2024-02-20>
File ignored
)
! Emergency stop.
<*> resume_2025.tex
                   
*** (job aborted, no legal \end found)

 
Here is how much of TeX's memory you used:
 18 strings out of 476076
 493 string characters out of 5793776
 1925187 words of memory out of 5000000
 22223 multiletter control sequences out of 15000+600000
 558069 words of font info for 36 fonts, out of 8000000 for 9000
 14 hyphenation exceptions out of 8191
 12i,0n,13p,95b,8s stack positions out of 10000i,1000n,20000p,200000b,200000s
!  ==> Fatal error occurred, no output PDF file produced!
